max_provinces = 1300
definitions = "definition.csv"
provinces = "provinces.bmp"
positions = "positions.txt"
terrain = "terrain.bmp"
rivers = "rivers.bmp"
terrain_definition = "terrain.txt"
heightmap = "topology.bmp"
tree_definition = "trees.bmp"
continent = "continent.txt"
adjacencies = "adjacencies.csv"
climate = "climate.txt"
region = "island_region.txt"
geographical_region = "geographical_region.txt"
static = "statics"
seasons = "seasons.txt"

#Sea Zones
sea_zones = { 1011 1011 } #Topara River (NAVIGABLE)
sea_zones = { 1025 1026 } #Thir River - Lake Veloth (NAVIGABLE)
sea_zones = { 1030 1031 } #Bjoulsae River - Bjoulsae River (NAVIGABLE)
sea_zones = { 1032 1035 } #Brena River - Brena River (NAVIGABLE)
sea_zones = { 1036 1038 } #Strid River - Strid River (NAVIGABLE)
sea_zones = { 1048 1107 } #Roscrean Sea - Azura's Coast (NAVIGABLE)
sea_zones = { 1108 1108 } #Thir River (NAVIGABLE)
sea_zones = { 1109 1111 } #Summerset Bay - Niben River (NAVIGABLE)
sea_zones = { 1112 1112 } #Lake Fjalding
sea_zones = { 1113 1113 } #Lake Masobi
sea_zones = { 1114 1114 } #Lake Vorys
sea_zones = { 1115 1115 } #Lake Amaya
sea_zones = { 1116 1116 } #Coast of Yneslea (NAVIGABLE)
sea_zones = { 1117 1117 } #Lake Coronati
sea_zones = { 1118 1118 } #Lake Arrius
sea_zones = { 1119 1119 } #Lake Poppad
sea_zones = { 1120 1120 } #Lake Honrich
sea_zones = { 1121 1121 } #Lake Geir
sea_zones = { 1122 1122 } #Lake Yorgrim
sea_zones = { 1123 1123 } #Lake Illinalta
sea_zones = { 1124 1124 } #Lake Alessia
sea_zones = { 1125 1125 } #Blessed Water
sea_zones = { 1126 1126 } #Lake Belharza
sea_zones = { 1127 1127 } #Lake Hlaalu
sea_zones = { 1128 1128 } #Lake Canulus
sea_zones = { 1129 1129 } #Lake Naga (NAVIGABLE)
sea_zones = { 1130 1130 } #Lake Murken
sea_zones = { 1131 1131 } #Lake Blackscale
sea_zones = { 1132 1132 } #Lake Sithis (NAVIGABLE)
sea_zones = { 1133 1133 } #Lake Toad (NAVIGABLE)
sea_zones = { 1134 1134 } #Lake Amaharu (NAVIGABLE)
sea_zones = { 1135 1135 } #Lake Argos (NAVIGABLE)
sea_zones = { 1136 1136 } #Lake Paatru (NAVIGABLE)
sea_zones = { 1137 1137 } #Lake Saxhleel (NAVIGABLE)
sea_zones = { 1138 1138 } #Lake Agaceph (NAVIGABLE)
sea_zones = { 1139 1139 } #Halcyon Lake
sea_zones = { 1140 1140 } #Viridian Lake
sea_zones = { 1141 1141 } #Azra Crater
sea_zones = { 1142 1142 } #Alik'r Oasis
sea_zones = { 1143 1144 } #Niben Bay - Iliac Bay (NAVIGABLE)
sea_zones = { 1145 1145 } #Lake Anu
sea_zones = { 1146 1146 } #Lake Pado
sea_zones = { 1147 1162 } #Southern Eltheric Ocean - Forbidden Coast (NAVIGABLE)
#1163 (Land)
sea_zones = { 1164 1165 } #Padomaic Ocean - Sea of Ghosts (NAVIGABLE)
#1166 (Land)
sea_zones = { 1168 1168 } #Sunken Sea (NAVIGABLE)
#1169 (Land)
sea_zones = { 1170 1171 } #Great Akaviri Sea - Western Rim (NAVIGABLE)
#1172 (Land)
sea_zones = { 1173 1174 } #Coast of Cathnoquey - Eastern Rim (NAVIGABLE)
#1175 (Land)
sea_zones = { 1176 1183 } #Padomaic Ocean - Padomaic Ocean (NAVIGABLE)
#1184 (Land)
sea_zones = { 1185 1193 } #Simian Sea - Sea of Storms (NAVIGABLE)
#1194 (Land)
sea_zones = { 1195 1195 } #Lake Archein (NAVIGABLE)
#1196 - 1217 (Land)
sea_zones = { 1218 1219 } #Topara River - Topara River (NAVIGABLE)
sea_zones = { 1220 1220 } #Lake Kazidar
sea_zones = { 1221 1221 } #Lake Melturvan
sea_zones = { 1222 1222 } #Lake Shindul
sea_zones = { 1223 1223 } #Lake Silvan
sea_zones = { 1224 1224 } #Lake Jadorlig
sea_zones = { 1225 1225 } #Golishar River (NAVIGABLE)
sea_zones = { 1226 1226 } #Great Padomaic Ocean (NAVIGABLE)
sea_zones = { 1227 1227 } #Lake Thalooda
sea_zones = { 1228 1228 } #Lake Huasima
sea_zones = { 1229 1229 } #Lake Ampong
sea_zones = { 1230 1230 } #Lake Khonmon
sea_zones = { 1231 1231 } #Lake Gsmisal
sea_zones = { 1232 1232 } #Lake To Hua Lan
sea_zones = { 1233 1233 } #Lake Washao
sea_zones = { 1234 1234 } #Lake Yishao
sea_zones = { 1235 1235 } #Lake Hongpo
sea_zones = { 1236 1236 } #Lake Mitsuma
sea_zones = { 1237 1237 } #Lake Singmo
sea_zones = { 1238 1238 } #Lake Om Kong
sea_zones = { 1239 1240 } #Kan So River - Kan So River (NAVIGABLE)
sea_zones = { 1241 1241 } #Volwesi Lagoon (NAVIGABLE)
sea_zones = { 1242 1242 } #Pameirra River (NAVIGABLE)
sea_zones = { 1243 1246 } #Meratsies River  - Meratsies River (NAVIGABLE)
sea_zones = { 1247 1247 } #Lake Voramak
#1248 - 1292 (Land)
sea_zones = { 1293 1299 } #Moonpoint River - Springrove River (NAVIGABLE)

#Interconnected Sea Regions
ocean_region = {
	sea_zones = { 1 2 3 4 5 6 7 8 13 26 29 30 31 32 33 34 35 40 43 44 45 46 47 48 49 50 51 57 58 71 72 73 74 76 }
}

# Define which indices in trees.bmp palette which should count as trees for automatic terrain assignment
tree = { 3 4 7 10 }

major_rivers = {
	1030 1031 #Bjoulsae River 
	1025 1026 #Thir River
	1108 #Lake Veloth
	1032 1033 1034 1035 #Brena River 
	1036 1037 1038 #Strid River 
	1011 1218 1219 #Topara River
	1225 #Golishar River
	1239 1240 #Kan So River
	1241 #Volwesi Lagoon
	1242 #Pameirra River
	1243 1244 1245 1246 #Meratsies River
	1129 1132 1133 1134 1135 1136 1137 1138 1195 1293 1294 1295 1296 1297 1298 1299 #Argonia
}

externals = {
	1
}
